
════════════════════════════════════════════════════════════════════════
  scenario: basic
════════════════════════════════════════════════════════════════════════

cutWords = paris|france
paris.length = 5
paris.upper  = PARIS
produced 5 = [length(paris), length(tokyo)]
their inputs = [[length(), paris], [length(), tokyo]]
as strings: [ 'length(paris)', 'length(tokyo)' ]
starts with p = [firstLetter(paris)]
length used in = [length(paris), length(tokyo)]
cut = l|i|m|a
cut = b|a|t
cut = c|a|t
cut = a|r|c
rendered 35 nodes, 36 edges -> ReversibleFunctionGraph2/data.js

════════════════════════════════════════════════════════════════════════
  scenario: dense
════════════════════════════════════════════════════════════════════════

rendered 148 nodes, 338 edges -> ReversibleFunctionGraph2/data.js

=== biggest hubs (reverse = who produced this) ===
length -> "3"     produced by = [lastOctetFromIP(192.168.1.3), length(cat), length(act), length(arc), length(car), length(tar), length(rat), length(art), length(CAT), length(ACT), length(ARC), length(CAR), length(TAR), length(RAT), length(ART)]
hasLetter true    produced by = [hasLetter(cat,a), hasLetter(cat,c), hasLetter(cat,t), hasLetter(act,a), hasLetter(act,c), hasLetter(act,t), hasLetter(arc,a), hasLetter(arc,c), hasLetter(arc,r), hasLetter(car,a), hasLetter(car,c), hasLetter(car,r), hasLetter(tar,a), hasLetter(tar,r), hasLetter(tar,t), hasLetter(rat,a), hasLetter(rat,r), hasLetter(rat,t), hasLetter(art,a), hasLetter(art,r), hasLetter(art,t)]
sort -> "art"     produced by = [sort(tar), sort(rat), sort(art), sort(tra)]

=== the same node is BOTH an output hub and an input hub ===
"a" is PRODUCED by (first/last) = [first(act), first(arc), first(art)]
"a" is USED BY (hasLetter args)   = [hasLetter(cat,a), hasLetter(act,a), hasLetter(arc,a), hasLetter(car,a), hasLetter(tar,a), hasLetter(rat,a), hasLetter(art,a)]

=== function addressability: one hop to every call ===
sort() used in = [sort(cat), sort(act), sort(arc), sort(car), sort(tar), sort(rat), sort(art), sort(tac), sort(tca), sort(cra), sort(rac), sort(tra)]

=== chain collapse: reverse.sort lands where sort already is ===
same node? true -> act

════════════════════════════════════════════════════════════════════════
  scenario: flat
════════════════════════════════════════════════════════════════════════

=== FORWARD: validate then extract, by CHAINING ===
good  = 3

=== SKIP: a bad IP short-circuits; lastOctet NEVER runs ===
bad   = ∅
is NOTHING? true

=== SILENT: the failed input left NO trace ===
fifskje feeds = []

=== the run counters prove skip + memo ===
isValidIP ran: 2 time(s)
lastOctet ran: 1 time(s)
after re-running the GOOD chain (memoized, no impl fires):
  isValidIP ran: 2 time(s)
  lastOctet ran: 1 time(s)
after re-running the BAD input (not memoized, guard re-fires):
  isValidIP ran: 3 time(s)

=== FLAT still holds: an inner call is a sibling, not a child ===
octetSum = 15
octetSum inputs = [octetSum(), 10.0.0.5]
rendered 13 nodes, 12 edges -> ReversibleFunctionGraph2/data.js

════════════════════════════════════════════════════════════════════════
  scenario: types
════════════════════════════════════════════════════════════════════════

=== VALUE → its types (how many types does this string carry?) ===
  192.168.1.2    → 4: [isString, isIP, isInternalIP, isHost]
  8.8.8.8        → 3: [isString, isIP, isHost]
  db01.internal  → 2: [isString, isHost]
  user@db.local  → 2: [isString, isEmail]
  8080           → 3: [isString, isNumber, isPort]
  hello world    → 1: [isString]

=== TYPE → its members (the extension of each predicate) ===
  isInternalIP   = {192.168.1.2}
  isIP           = {192.168.1.2, 8.8.8.8}
  isHost         = {192.168.1.2, 8.8.8.8, db01.internal}
  isString       = {192.168.1.2, 8.8.8.8, db01.internal, user@db.local, 8080, hello world}

=== NO TYPE yet — until you ask ===
  mystery-blob → []   (nobody asked)
  mystery-blob → [ 'isString' ]   (after asking: just a string)
rendered 31 nodes, 48 edges -> ReversibleFunctionGraph2/data.js

════════════════════════════════════════════════════════════════════════
  scenario: path
════════════════════════════════════════════════════════════════════════

rendered 56 nodes, 65 edges -> ReversibleFunctionGraph2/data.js

════════════════════════════════════════════════════════════════════════
  general (scripted)
════════════════════════════════════════════════════════════════════════

── input ──
tables
sources
drop 0
tables
quit

── output ──
rendered 35 nodes, 36 edges -> ReversibleFunctionGraph2/data.js

general loader — try:  tables   then   sources   then   drop 0   then   tables

general>   3 table(s) reconstructed from the graph:

  table 1  (4 rows)
    first | last 
    ------+------
    alice | jones
    bob   | smith
    carol | white
    dave  | green

  table 2  (1 rows)
    ip       | geo                            
    ---------+--------------------------------
    10.0.0.1 | {"city":"paris","country":"fr"}

  table 3  (1 rows)
    city  | country
    ------+--------
    paris | fr     
general>   [0] csv  first,last;alice,jones;bob,smith
  [1] json  [{"first":"carol","last":"white"},{"first":"dave","last":"green"}]
  [2] json  [{"ip":"10.0.0.1","geo":{"city":"paris","country":"fr"}}]
general> rendered 25 nodes, 24 edges -> ReversibleFunctionGraph2/data.js
  dropped source 0, rebuilt
general>   3 table(s) reconstructed from the graph:

  table 1  (2 rows)
    first | last 
    ------+------
    carol | white
    dave  | green

  table 2  (1 rows)
    ip       | geo                            
    ---------+--------------------------------
    10.0.0.1 | {"city":"paris","country":"fr"}

  table 3  (1 rows)
    city  | country
    ------+--------
    paris | fr     
general> bye

════════════════════════════════════════════════════════════════════════
  timesheet-cli (scripted)
════════════════════════════════════════════════════════════════════════

── input ──
list
view
log
quit

── output ──
rendered 22 nodes, 21 edges -> ReversibleFunctionGraph2/data.js
  added: bob|2026-08-25|projX|8
rendered 29 nodes, 33 edges -> ReversibleFunctionGraph2/data.js
  added: bob|2026-08-25|projY|12
rendered 40 nodes, 54 edges -> ReversibleFunctionGraph2/data.js
  added: alice|2026-11-25|projX|11
rendered 51 nodes, 75 edges -> ReversibleFunctionGraph2/data.js
  added: bob|2026-12-26|projX|4
rendered 62 nodes, 96 edges -> ReversibleFunctionGraph2/data.js
  added: carol|2026-08-26|projY|7
rendered 67 nodes, 108 edges -> ReversibleFunctionGraph2/data.js
  added: alice|2026-08-26|projX|12

timesheet — copy a raw row from `list` and edit it (any part):
  edit bob|2026-08-25|projX|8 -> bob|2026-08-25|projZ|6

timesheet>   bob|2026-08-25|projX|8
  bob|2026-08-25|projY|12
  alice|2026-11-25|projX|11
  bob|2026-12-26|projX|4
  carol|2026-08-26|projY|7
  alice|2026-08-26|projX|12
timesheet>   employee | 2026-08-25 | 2026-08-26 | 2026-11-25 | 2026-12-26
  ------------------------------------------------------------
  alice    |          · |         12 |         11 |          ·
  bob      |         20 |          · |          · |          4
  carol    |          · |          7 |          · |          ·
timesheet>   bob|2026-08-25|projX|8
  bob|2026-08-25|projY|12
  alice|2026-11-25|projX|11
  bob|2026-12-26|projX|4
  carol|2026-08-26|projY|7
  alice|2026-08-26|projX|12
timesheet> bye
